<!DOCTYPE html>
<html>
	<head></head>
	<body>
		Details for A-Team

		<ul>
			<li>Joane</li>
			<li>Marc</li>
			<li>Frank</li>
		</ul>

		<a href="extra_bake_multiple.html">back</a>
	</body>
</html>