<!DOCTYPE html>
<html>
	<head></head>
	<body>
		Details for B-Team

		<ul>
			<li>Mike</li>
			<li>Lisa</li>
		</ul>
	</body>
</html>