<!DOCTYPE html>
<html>
	<head></head>
	<body>
		Include Two
	</body>
</html>
