<!DOCTYPE html>
<html>
	<head></head>
	<body>
		Include One
	</body>
</html>
