<!DOCTYPE html>
<html>
	<head></head>
	<body>

		<p>
			<span>Hello World!</span>
		</p>
	</body>
</html>