<!DOCTYPE html>
<html>
	<head></head>
	<body>
		<a href="extra-page.html">Open</a>
	</body>
</html>