<!DOCTYPE html>
<html>
	<head></head>
	<body>
		<a href="extra-0-a-team.html">Details for A-Team</a>
		<a href="extra-1-b-team.html">Details for B-Team</a>
	</body>
</html>