<!DOCTYPE html>
<html>
	<head></head>
	<body>
		Include One

		<!-- Here is a comment -->
		<div>Here is some content</div>

		Include Two

		<h1>Apple Pie</h1>

		Include Two

		Include Two

		Index 0:check
		Index 1:
		Index 2:check
		Index 3:
		Index 4:check
	</body>
</html>