<!DOCTYPE html>
<html>
	<head></head>
	<body>
		<div><!--(bake second.html)--></div>

		<div><span>Hello World</span></div>
	</body>
</html>