<!DOCTYPE html>
<html>
	<head></head>
	<body>
		<span>About</span>
		<span>Home</span>
		<span>The Dark Tower</span>

		<span>Home</span>
	</body>
</html>