<!DOCTYPE html>
<html>
	<head></head>
	<body>
		<dt>

			<dt>NodeJS</dt>
			<dd>This project uses NodeJS.</dd>

		</dt>
	</body>
</html>