<span>BakeBakeBakeBake</span>
<span>Cake</span>
<span>Jim | John</span>